[Thu Oct 17 00:12:30 2013] [error] [client 127.0.0.1] File does not exist: /Users/richardroque/www/dispatch/static/favicon.ico
[Thu Oct 17 00:14:18 2013] [error] [client 127.0.0.1] File does not exist: /Users/richardroque/www/dispatch/static/favicon.ico
[Thu Oct 17 00:27:59 2013] [error] [client 127.0.0.1] File does not exist: /Users/richardroque/www/dispatch/static/favicon.ico
[Thu Oct 17 00:28:20 2013] [error] [client 127.0.0.1] File does not exist: /Users/richardroque/www/dispatch/static/favicon.ico
[Thu Oct 17 00:28:37 2013] [error] [client 127.0.0.1] File does not exist: /Users/richardroque/www/dispatch/static/favicon.ico
[Thu Oct 17 00:29:23 2013] [error] [client 127.0.0.1] File does not exist: /Users/richardroque/www/dispatch/static/favicon.ico
[Thu Oct 17 00:29:37 2013] [error] [client 127.0.0.1] File does not exist: /Users/richardroque/www/dispatch/static/favicon.ico
[Thu Oct 17 00:30:09 2013] [error] [client 127.0.0.1] File does not exist: /Users/richardroque/www/dispatch/static/favicon.ico
[Thu Oct 17 00:30:21 2013] [error] [client 127.0.0.1] File does not exist: /Users/richardroque/www/dispatch/static/favicon.ico
[Thu Oct 17 00:31:23 2013] [error] [client 127.0.0.1] File does not exist: /Users/richardroque/www/dispatch/static/favicon.ico
[Thu Oct 17 00:31:34 2013] [error] [client 127.0.0.1] File does not exist: /Users/richardroque/www/dispatch/static/favicon.ico
[Thu Oct 17 00:33:22 2013] [error] [client 127.0.0.1] File does not exist: /Users/richardroque/www/dispatch/static/favicon.ico
[Thu Oct 17 00:33:31 2013] [error] [client 127.0.0.1] File does not exist: /Users/richardroque/www/dispatch/static/favicon.ico
[Thu Oct 17 00:33:35 2013] [error] [client 127.0.0.1] File does not exist: /Users/richardroque/www/dispatch/static/favicon.ico
[Thu Oct 17 00:40:50 2013] [error] [client 127.0.0.1] File does not exist: /Users/richardroque/www/dispatch/static/favicon.ico
[Thu Oct 17 00:42:06 2013] [error] [client 127.0.0.1] File does not exist: /Users/richardroque/www/dispatch/static/favicon.ico
[Thu Oct 17 00:44:28 2013] [error] [client 127.0.0.1] File does not exist: /Users/richardroque/www/dispatch/static/js/reques.hbtemplate.js, referer: http://static.dispatch/
[Thu Oct 17 00:44:28 2013] [error] [client 127.0.0.1] File does not exist: /Users/richardroque/www/dispatch/static/favicon.ico
[Thu Oct 17 00:44:30 2013] [error] [client 127.0.0.1] File does not exist: /Users/richardroque/www/dispatch/static/js/reques.hbtemplate.js, referer: http://static.dispatch/
[Thu Oct 17 00:44:31 2013] [error] [client 127.0.0.1] File does not exist: /Users/richardroque/www/dispatch/static/favicon.ico
[Thu Oct 17 00:44:39 2013] [error] [client 127.0.0.1] File does not exist: /Users/richardroque/www/dispatch/static/favicon.ico
[Thu Oct 17 00:44:41 2013] [error] [client 127.0.0.1] File does not exist: /Users/richardroque/www/dispatch/static/favicon.ico
[Thu Oct 17 00:45:38 2013] [error] [client 127.0.0.1] File does not exist: /Users/richardroque/www/dispatch/static/favicon.ico
[Thu Oct 17 00:45:52 2013] [error] [client 127.0.0.1] File does not exist: /Users/richardroque/www/dispatch/static/favicon.ico
[Thu Oct 17 00:58:13 2013] [error] [client 127.0.0.1] File does not exist: /Users/richardroque/www/dispatch/static/favicon.ico
[Thu Oct 17 00:59:06 2013] [error] [client 127.0.0.1] File does not exist: /Users/richardroque/www/dispatch/static/favicon.ico
[Thu Oct 17 01:00:54 2013] [error] [client 127.0.0.1] File does not exist: /Users/richardroque/www/dispatch/static/favicon.ico
[Thu Oct 17 01:04:11 2013] [error] [client 127.0.0.1] File does not exist: /Users/richardroque/www/dispatch/static/favicon.ico
[Thu Oct 17 01:04:55 2013] [error] [client 127.0.0.1] File does not exist: /Users/richardroque/www/dispatch/static/favicon.ico
[Thu Oct 17 01:05:30 2013] [error] [client 127.0.0.1] File does not exist: /Users/richardroque/www/dispatch/static/favicon.ico
[Thu Oct 17 01:06:29 2013] [error] [client 127.0.0.1] File does not exist: /Users/richardroque/www/dispatch/static/favicon.ico
[Thu Oct 17 01:06:31 2013] [error] [client 127.0.0.1] File does not exist: /Users/richardroque/www/dispatch/static/favicon.ico
[Thu Oct 17 01:13:04 2013] [error] [client 127.0.0.1] File does not exist: /Users/richardroque/www/dispatch/static/favicon.ico
[Thu Oct 17 01:13:10 2013] [error] [client 127.0.0.1] File does not exist: /Users/richardroque/www/dispatch/static/favicon.ico
[Thu Oct 17 01:13:13 2013] [error] [client 127.0.0.1] File does not exist: /Users/richardroque/www/dispatch/static/favicon.ico
[Thu Oct 17 01:13:46 2013] [error] [client 127.0.0.1] File does not exist: /Users/richardroque/www/dispatch/static/favicon.ico
[Thu Oct 17 01:13:54 2013] [error] [client 127.0.0.1] File does not exist: /Users/richardroque/www/dispatch/static/favicon.ico
[Thu Oct 17 01:14:10 2013] [error] [client 127.0.0.1] File does not exist: /Users/richardroque/www/dispatch/static/favicon.ico
[Thu Oct 17 01:14:28 2013] [error] [client 127.0.0.1] File does not exist: /Users/richardroque/www/dispatch/static/favicon.ico
[Thu Oct 17 01:14:37 2013] [error] [client 127.0.0.1] File does not exist: /Users/richardroque/www/dispatch/static/favicon.ico
[Thu Oct 17 01:14:38 2013] [error] [client 127.0.0.1] File does not exist: /Users/richardroque/www/dispatch/static/favicon.ico
[Thu Oct 17 01:14:45 2013] [error] [client 127.0.0.1] File does not exist: /Users/richardroque/www/dispatch/static/favicon.ico
[Thu Oct 17 01:14:47 2013] [error] [client 127.0.0.1] File does not exist: /Users/richardroque/www/dispatch/static/favicon.ico
[Thu Oct 17 01:20:31 2013] [error] [client 127.0.0.1] File does not exist: /Users/richardroque/www/dispatch/static/favicon.ico
[Thu Oct 17 01:20:39 2013] [error] [client 127.0.0.1] File does not exist: /Users/richardroque/www/dispatch/static/favicon.ico
[Thu Oct 17 01:20:59 2013] [error] [client 127.0.0.1] File does not exist: /Users/richardroque/www/dispatch/static/favicon.ico
[Thu Oct 17 01:21:31 2013] [error] [client 127.0.0.1] File does not exist: /Users/richardroque/www/dispatch/static/favicon.ico
[Thu Oct 17 01:22:16 2013] [error] [client 127.0.0.1] File does not exist: /Users/richardroque/www/dispatch/static/favicon.ico
[Thu Oct 17 01:23:07 2013] [error] [client 127.0.0.1] File does not exist: /Users/richardroque/www/dispatch/static/favicon.ico
[Thu Oct 17 01:23:27 2013] [error] [client 127.0.0.1] File does not exist: /Users/richardroque/www/dispatch/static/favicon.ico
[Thu Oct 17 01:23:49 2013] [error] [client 127.0.0.1] File does not exist: /Users/richardroque/www/dispatch/static/favicon.ico
[Thu Oct 17 01:25:25 2013] [error] [client 127.0.0.1] File does not exist: /Users/richardroque/www/dispatch/static/favicon.ico
[Thu Oct 17 01:25:45 2013] [error] [client 127.0.0.1] File does not exist: /Users/richardroque/www/dispatch/static/favicon.ico
[Thu Oct 17 01:26:37 2013] [error] [client 127.0.0.1] File does not exist: /Users/richardroque/www/dispatch/static/favicon.ico
[Thu Oct 17 01:26:41 2013] [error] [client 127.0.0.1] File does not exist: /Users/richardroque/www/dispatch/static/favicon.ico
[Thu Oct 17 01:27:13 2013] [error] [client 127.0.0.1] File does not exist: /Users/richardroque/www/dispatch/static/favicon.ico
[Thu Oct 17 01:27:24 2013] [error] [client 127.0.0.1] File does not exist: /Users/richardroque/www/dispatch/static/favicon.ico
[Thu Oct 17 01:27:39 2013] [error] [client 127.0.0.1] File does not exist: /Users/richardroque/www/dispatch/static/favicon.ico
[Thu Oct 17 01:27:47 2013] [error] [client 127.0.0.1] File does not exist: /Users/richardroque/www/dispatch/static/favicon.ico
[Thu Oct 17 01:28:05 2013] [error] [client 127.0.0.1] File does not exist: /Users/richardroque/www/dispatch/static/favicon.ico
[Thu Oct 17 01:30:43 2013] [error] [client 127.0.0.1] File does not exist: /Users/richardroque/www/dispatch/static/favicon.ico
[Thu Oct 17 01:30:48 2013] [error] [client 127.0.0.1] File does not exist: /Users/richardroque/www/dispatch/static/favicon.ico
[Thu Oct 17 01:37:29 2013] [error] [client 127.0.0.1] File does not exist: /Users/richardroque/www/dispatch/static/favicon.ico
[Thu Oct 17 01:37:34 2013] [error] [client 127.0.0.1] File does not exist: /Users/richardroque/www/dispatch/static/favicon.ico
[Thu Oct 17 01:37:34 2013] [error] [client 127.0.0.1] File does not exist: /Users/richardroque/www/dispatch/static/favicon.ico
[Thu Oct 17 02:40:44 2013] [error] [client 127.0.0.1] File does not exist: /Users/richardroque/www/dispatch/static/favicon.ico
[Thu Oct 17 02:51:50 2013] [error] [client 127.0.0.1] File does not exist: /Users/richardroque/www/dispatch/static/favicon.ico
[Thu Oct 17 02:59:35 2013] [error] [client 127.0.0.1] File does not exist: /Users/richardroque/www/dispatch/static/favicon.ico
[Thu Oct 17 02:59:37 2013] [error] [client 127.0.0.1] File does not exist: /Users/richardroque/www/dispatch/static/favicon.ico
[Thu Oct 17 02:59:42 2013] [error] [client 127.0.0.1] File does not exist: /Users/richardroque/www/dispatch/static/favicon.ico
[Thu Oct 17 02:59:44 2013] [error] [client 127.0.0.1] File does not exist: /Users/richardroque/www/dispatch/static/favicon.ico
[Thu Oct 17 03:01:29 2013] [error] [client 127.0.0.1] File does not exist: /Users/richardroque/www/dispatch/static/favicon.ico
[Thu Oct 17 03:01:56 2013] [error] [client 127.0.0.1] File does not exist: /Users/richardroque/www/dispatch/static/favicon.ico
[Thu Oct 17 03:02:00 2013] [error] [client 127.0.0.1] File does not exist: /Users/richardroque/www/dispatch/static/favicon.ico
[Thu Oct 17 03:02:01 2013] [error] [client 127.0.0.1] File does not exist: /Users/richardroque/www/dispatch/static/favicon.ico
[Thu Oct 17 03:07:49 2013] [error] [client 127.0.0.1] File does not exist: /Users/richardroque/www/dispatch/static/favicon.ico
[Thu Oct 17 03:07:57 2013] [error] [client 127.0.0.1] File does not exist: /Users/richardroque/www/dispatch/static/favicon.ico
[Thu Oct 17 03:23:44 2013] [error] [client 127.0.0.1] File does not exist: /Users/richardroque/www/dispatch/static/favicon.ico
[Thu Oct 17 03:23:55 2013] [error] [client 127.0.0.1] File does not exist: /Users/richardroque/www/dispatch/static/favicon.ico
[Thu Oct 17 03:23:57 2013] [error] [client 127.0.0.1] File does not exist: /Users/richardroque/www/dispatch/static/favicon.ico
[Thu Oct 17 03:28:04 2013] [error] [client 127.0.0.1] File does not exist: /Users/richardroque/www/dispatch/static/favicon.ico
[Thu Oct 17 03:28:05 2013] [error] [client 127.0.0.1] File does not exist: /Users/richardroque/www/dispatch/static/favicon.ico
[Thu Oct 17 03:28:17 2013] [error] [client 127.0.0.1] File does not exist: /Users/richardroque/www/dispatch/static/favicon.ico
[Thu Oct 17 03:30:51 2013] [error] [client 127.0.0.1] File does not exist: /Users/richardroque/www/dispatch/static/favicon.ico
[Thu Oct 17 03:31:34 2013] [error] [client 127.0.0.1] File does not exist: /Users/richardroque/www/dispatch/static/favicon.ico
[Thu Oct 17 03:45:31 2013] [error] [client 127.0.0.1] File does not exist: /Users/richardroque/www/dispatch/static/favicon.ico
[Thu Oct 17 03:50:03 2013] [error] [client 127.0.0.1] File does not exist: /Users/richardroque/www/dispatch/static/favicon.ico
[Thu Oct 17 04:11:18 2013] [error] [client 127.0.0.1] File does not exist: /Users/richardroque/www/dispatch/static/favicon.ico
[Thu Oct 17 04:15:09 2013] [error] [client 127.0.0.1] File does not exist: /Users/richardroque/www/dispatch/static/favicon.ico
[Thu Oct 17 04:18:20 2013] [error] [client 127.0.0.1] File does not exist: /Users/richardroque/www/dispatch/static/favicon.ico
[Thu Oct 17 04:18:27 2013] [error] [client 127.0.0.1] File does not exist: /Users/richardroque/www/dispatch/static/favicon.ico
[Thu Oct 17 04:18:41 2013] [error] [client 127.0.0.1] File does not exist: /Users/richardroque/www/dispatch/static/favicon.ico
[Thu Oct 17 04:18:44 2013] [error] [client 127.0.0.1] File does not exist: /Users/richardroque/www/dispatch/static/favicon.ico
[Thu Oct 17 04:20:04 2013] [error] [client 127.0.0.1] File does not exist: /Users/richardroque/www/dispatch/static/favicon.ico
[Thu Oct 17 04:20:07 2013] [error] [client 127.0.0.1] File does not exist: /Users/richardroque/www/dispatch/static/favicon.ico
[Thu Oct 17 04:20:17 2013] [error] [client 127.0.0.1] File does not exist: /Users/richardroque/www/dispatch/static/favicon.ico
[Thu Oct 17 05:36:17 2013] [error] [client 127.0.0.1] File does not exist: /Users/richardroque/www/dispatch/static/favicon.ico
[Thu Oct 17 05:40:55 2013] [error] [client 127.0.0.1] File does not exist: /Users/richardroque/www/dispatch/static/favicon.ico
[Thu Oct 17 05:41:29 2013] [error] [client 127.0.0.1] File does not exist: /Users/richardroque/www/dispatch/static/favicon.ico
[Thu Oct 17 05:47:13 2013] [error] [client 127.0.0.1] File does not exist: /Users/richardroque/www/dispatch/static/favicon.ico
[Thu Oct 17 05:55:19 2013] [error] [client 127.0.0.1] File does not exist: /Users/richardroque/www/dispatch/static/favicon.ico
[Thu Oct 17 05:55:21 2013] [error] [client 127.0.0.1] File does not exist: /Users/richardroque/www/dispatch/static/favicon.ico
[Thu Oct 17 05:56:51 2013] [error] [client 127.0.0.1] File does not exist: /Users/richardroque/www/dispatch/static/favicon.ico
[Thu Oct 17 05:57:10 2013] [error] [client 127.0.0.1] File does not exist: /Users/richardroque/www/dispatch/static/favicon.ico
[Thu Oct 17 05:58:15 2013] [error] [client 127.0.0.1] File does not exist: /Users/richardroque/www/dispatch/static/favicon.ico
[Thu Oct 17 05:58:29 2013] [error] [client 127.0.0.1] File does not exist: /Users/richardroque/www/dispatch/static/favicon.ico
[Thu Oct 17 06:00:29 2013] [error] [client 127.0.0.1] File does not exist: /Users/richardroque/www/dispatch/static/favicon.ico
[Thu Oct 17 06:01:13 2013] [error] [client 127.0.0.1] File does not exist: /Users/richardroque/www/dispatch/static/favicon.ico
[Thu Oct 17 06:01:19 2013] [error] [client 127.0.0.1] File does not exist: /Users/richardroque/www/dispatch/static/favicon.ico
[Thu Oct 17 06:02:17 2013] [error] [client 127.0.0.1] File does not exist: /Users/richardroque/www/dispatch/static/favicon.ico
[Thu Oct 17 06:09:57 2013] [error] [client 127.0.0.1] File does not exist: /Users/richardroque/www/dispatch/static/favicon.ico
[Thu Oct 17 06:24:20 2013] [error] [client 127.0.0.1] File does not exist: /Users/richardroque/www/dispatch/static/favicon.ico
[Thu Oct 17 06:26:05 2013] [error] [client 127.0.0.1] File does not exist: /Users/richardroque/www/dispatch/static/favicon.ico
[Thu Oct 17 06:27:07 2013] [error] [client 127.0.0.1] File does not exist: /Users/richardroque/www/dispatch/static/favicon.ico
[Thu Oct 17 06:27:53 2013] [error] [client 127.0.0.1] File does not exist: /Users/richardroque/www/dispatch/static/favicon.ico
[Thu Oct 17 06:29:12 2013] [error] [client 127.0.0.1] File does not exist: /Users/richardroque/www/dispatch/static/favicon.ico
[Thu Oct 17 06:30:25 2013] [error] [client 127.0.0.1] File does not exist: /Users/richardroque/www/dispatch/static/favicon.ico
[Thu Oct 17 06:30:44 2013] [error] [client 127.0.0.1] File does not exist: /Users/richardroque/www/dispatch/static/favicon.ico
[Thu Oct 17 06:31:40 2013] [error] [client 127.0.0.1] File does not exist: /Users/richardroque/www/dispatch/static/favicon.ico
[Thu Oct 17 06:31:57 2013] [error] [client 127.0.0.1] File does not exist: /Users/richardroque/www/dispatch/static/favicon.ico
[Thu Oct 17 06:37:38 2013] [error] [client 127.0.0.1] File does not exist: /Users/richardroque/www/dispatch/static/favicon.ico
[Thu Oct 17 06:37:48 2013] [error] [client 127.0.0.1] File does not exist: /Users/richardroque/www/dispatch/static/favicon.ico
[Thu Oct 17 06:38:14 2013] [error] [client 127.0.0.1] File does not exist: /Users/richardroque/www/dispatch/static/favicon.ico
[Thu Oct 17 06:39:15 2013] [error] [client 127.0.0.1] File does not exist: /Users/richardroque/www/dispatch/static/favicon.ico
[Thu Oct 17 06:40:05 2013] [error] [client 127.0.0.1] File does not exist: /Users/richardroque/www/dispatch/static/favicon.ico
[Thu Oct 17 06:41:41 2013] [error] [client 127.0.0.1] File does not exist: /Users/richardroque/www/dispatch/static/favicon.ico
[Thu Oct 17 06:43:05 2013] [error] [client 127.0.0.1] File does not exist: /Users/richardroque/www/dispatch/static/favicon.ico
[Thu Oct 17 06:43:34 2013] [error] [client 127.0.0.1] File does not exist: /Users/richardroque/www/dispatch/static/favicon.ico
[Thu Oct 17 06:43:56 2013] [error] [client 127.0.0.1] File does not exist: /Users/richardroque/www/dispatch/static/favicon.ico
[Thu Oct 17 06:44:59 2013] [error] [client 127.0.0.1] File does not exist: /Users/richardroque/www/dispatch/static/favicon.ico
[Thu Oct 17 06:45:42 2013] [error] [client 127.0.0.1] File does not exist: /Users/richardroque/www/dispatch/static/favicon.ico
[Thu Oct 17 06:45:53 2013] [error] [client 127.0.0.1] File does not exist: /Users/richardroque/www/dispatch/static/favicon.ico
[Thu Oct 17 06:46:31 2013] [error] [client 127.0.0.1] File does not exist: /Users/richardroque/www/dispatch/static/favicon.ico
[Thu Oct 17 06:47:24 2013] [error] [client 127.0.0.1] File does not exist: /Users/richardroque/www/dispatch/static/favicon.ico
[Thu Oct 17 06:47:34 2013] [error] [client 127.0.0.1] File does not exist: /Users/richardroque/www/dispatch/static/favicon.ico
[Thu Oct 17 06:48:26 2013] [error] [client 127.0.0.1] File does not exist: /Users/richardroque/www/dispatch/static/favicon.ico
[Thu Oct 17 06:48:48 2013] [error] [client 127.0.0.1] File does not exist: /Users/richardroque/www/dispatch/static/favicon.ico
[Thu Oct 17 06:49:02 2013] [error] [client 127.0.0.1] File does not exist: /Users/richardroque/www/dispatch/static/favicon.ico
[Thu Oct 17 06:49:37 2013] [error] [client 127.0.0.1] File does not exist: /Users/richardroque/www/dispatch/static/favicon.ico
[Thu Oct 17 06:50:01 2013] [error] [client 127.0.0.1] File does not exist: /Users/richardroque/www/dispatch/static/favicon.ico
[Thu Oct 17 06:50:45 2013] [error] [client 127.0.0.1] File does not exist: /Users/richardroque/www/dispatch/static/favicon.ico
[Thu Oct 17 06:51:37 2013] [error] [client 127.0.0.1] File does not exist: /Users/richardroque/www/dispatch/static/favicon.ico
[Thu Oct 17 06:54:01 2013] [error] [client 127.0.0.1] File does not exist: /Users/richardroque/www/dispatch/static/favicon.ico
[Thu Oct 17 06:55:08 2013] [error] [client 127.0.0.1] File does not exist: /Users/richardroque/www/dispatch/static/favicon.ico
[Thu Oct 17 06:55:20 2013] [error] [client 127.0.0.1] File does not exist: /Users/richardroque/www/dispatch/static/favicon.ico
[Thu Oct 17 06:55:41 2013] [error] [client 127.0.0.1] File does not exist: /Users/richardroque/www/dispatch/static/favicon.ico
[Thu Oct 17 06:59:43 2013] [error] [client 127.0.0.1] File does not exist: /Users/richardroque/www/dispatch/static/favicon.ico
[Thu Oct 17 07:02:17 2013] [error] [client 127.0.0.1] File does not exist: /Users/richardroque/www/dispatch/static/favicon.ico
[Thu Oct 17 07:02:32 2013] [error] [client 127.0.0.1] File does not exist: /Users/richardroque/www/dispatch/static/favicon.ico
[Thu Oct 17 07:03:02 2013] [error] [client 127.0.0.1] File does not exist: /Users/richardroque/www/dispatch/static/favicon.ico
[Thu Oct 17 07:07:15 2013] [error] [client 127.0.0.1] File does not exist: /Users/richardroque/www/dispatch/static/favicon.ico
[Thu Oct 17 07:07:33 2013] [error] [client 127.0.0.1] File does not exist: /Users/richardroque/www/dispatch/static/favicon.ico
[Thu Oct 17 07:08:27 2013] [error] [client 127.0.0.1] File does not exist: /Users/richardroque/www/dispatch/static/favicon.ico
[Thu Oct 17 07:11:33 2013] [error] [client 127.0.0.1] File does not exist: /Users/richardroque/www/dispatch/static/favicon.ico
[Thu Oct 17 07:14:40 2013] [error] [client 127.0.0.1] File does not exist: /Users/richardroque/www/dispatch/static/favicon.ico
[Thu Oct 17 07:15:49 2013] [error] [client 127.0.0.1] File does not exist: /Users/richardroque/www/dispatch/static/favicon.ico
[Thu Oct 17 07:16:10 2013] [error] [client 127.0.0.1] File does not exist: /Users/richardroque/www/dispatch/static/favicon.ico
[Thu Oct 17 07:16:34 2013] [error] [client 127.0.0.1] File does not exist: /Users/richardroque/www/dispatch/static/favicon.ico
[Thu Oct 17 07:20:35 2013] [error] [client 127.0.0.1] File does not exist: /Users/richardroque/www/dispatch/static/favicon.ico
[Thu Oct 17 07:20:59 2013] [error] [client 127.0.0.1] File does not exist: /Users/richardroque/www/dispatch/static/favicon.ico
[Thu Oct 17 07:21:18 2013] [error] [client 127.0.0.1] File does not exist: /Users/richardroque/www/dispatch/static/favicon.ico
[Thu Oct 17 07:22:22 2013] [error] [client 127.0.0.1] File does not exist: /Users/richardroque/www/dispatch/static/favicon.ico
[Thu Oct 17 07:23:07 2013] [error] [client 127.0.0.1] File does not exist: /Users/richardroque/www/dispatch/static/favicon.ico
[Thu Oct 17 07:23:22 2013] [error] [client 127.0.0.1] File does not exist: /Users/richardroque/www/dispatch/static/favicon.ico
[Thu Oct 17 07:23:41 2013] [error] [client 127.0.0.1] File does not exist: /Users/richardroque/www/dispatch/static/favicon.ico
[Thu Oct 17 07:23:51 2013] [error] [client 127.0.0.1] File does not exist: /Users/richardroque/www/dispatch/static/favicon.ico
[Thu Oct 17 07:24:28 2013] [error] [client 127.0.0.1] File does not exist: /Users/richardroque/www/dispatch/static/favicon.ico
[Thu Oct 17 07:24:39 2013] [error] [client 127.0.0.1] File does not exist: /Users/richardroque/www/dispatch/static/favicon.ico
[Thu Oct 17 07:25:02 2013] [error] [client 127.0.0.1] File does not exist: /Users/richardroque/www/dispatch/static/favicon.ico
[Thu Oct 17 07:25:41 2013] [error] [client 127.0.0.1] File does not exist: /Users/richardroque/www/dispatch/static/favicon.ico
[Thu Oct 17 07:25:52 2013] [error] [client 127.0.0.1] File does not exist: /Users/richardroque/www/dispatch/static/favicon.ico
[Thu Oct 17 07:25:59 2013] [error] [client 127.0.0.1] File does not exist: /Users/richardroque/www/dispatch/static/favicon.ico
[Thu Oct 17 07:26:09 2013] [error] [client 127.0.0.1] File does not exist: /Users/richardroque/www/dispatch/static/favicon.ico
[Thu Oct 17 07:26:25 2013] [error] [client 127.0.0.1] File does not exist: /Users/richardroque/www/dispatch/static/favicon.ico
[Thu Oct 17 07:26:32 2013] [error] [client 127.0.0.1] File does not exist: /Users/richardroque/www/dispatch/static/favicon.ico
[Thu Oct 17 07:26:54 2013] [error] [client 127.0.0.1] File does not exist: /Users/richardroque/www/dispatch/static/favicon.ico
[Thu Oct 17 07:27:00 2013] [error] [client 127.0.0.1] File does not exist: /Users/richardroque/www/dispatch/static/favicon.ico
[Thu Oct 17 07:27:07 2013] [error] [client 127.0.0.1] File does not exist: /Users/richardroque/www/dispatch/static/favicon.ico
[Thu Oct 17 07:27:14 2013] [error] [client 127.0.0.1] File does not exist: /Users/richardroque/www/dispatch/static/favicon.ico
[Thu Oct 17 07:27:28 2013] [error] [client 127.0.0.1] File does not exist: /Users/richardroque/www/dispatch/static/favicon.ico
[Thu Oct 17 07:27:37 2013] [error] [client 127.0.0.1] File does not exist: /Users/richardroque/www/dispatch/static/favicon.ico
[Thu Oct 17 07:27:38 2013] [error] [client 127.0.0.1] File does not exist: /Users/richardroque/www/dispatch/static/favicon.ico
[Thu Oct 17 07:27:55 2013] [error] [client 127.0.0.1] File does not exist: /Users/richardroque/www/dispatch/static/favicon.ico
[Thu Oct 17 07:28:00 2013] [error] [client 127.0.0.1] File does not exist: /Users/richardroque/www/dispatch/static/favicon.ico
[Thu Oct 17 07:28:27 2013] [error] [client 127.0.0.1] File does not exist: /Users/richardroque/www/dispatch/static/favicon.ico
[Thu Oct 17 07:28:33 2013] [error] [client 127.0.0.1] File does not exist: /Users/richardroque/www/dispatch/static/favicon.ico
[Thu Oct 17 07:29:17 2013] [error] [client 127.0.0.1] File does not exist: /Users/richardroque/www/dispatch/static/favicon.ico
[Thu Oct 17 07:29:23 2013] [error] [client 127.0.0.1] File does not exist: /Users/richardroque/www/dispatch/static/favicon.ico
[Thu Oct 17 07:29:43 2013] [error] [client 127.0.0.1] File does not exist: /Users/richardroque/www/dispatch/static/favicon.ico
[Thu Oct 17 13:55:09 2013] [error] [client 127.0.0.1] File does not exist: /Users/richardroque/www/dispatch/static/favicon.ico
[Thu Oct 17 13:55:11 2013] [error] [client 127.0.0.1] File does not exist: /Users/richardroque/www/dispatch/static/favicon.ico
[Thu Oct 17 13:55:14 2013] [error] [client 127.0.0.1] File does not exist: /Users/richardroque/www/dispatch/static/favicon.ico
[Thu Oct 17 13:55:15 2013] [error] [client 127.0.0.1] File does not exist: /Users/richardroque/www/dispatch/static/favicon.ico
[Thu Oct 17 13:55:18 2013] [error] [client 127.0.0.1] File does not exist: /Users/richardroque/www/dispatch/static/favicon.ico
[Thu Oct 17 13:55:20 2013] [error] [client 127.0.0.1] File does not exist: /Users/richardroque/www/dispatch/static/favicon.ico
[Thu Oct 17 13:56:54 2013] [error] [client 127.0.0.1] File does not exist: /Users/richardroque/www/dispatch/static/favicon.ico
[Thu Oct 17 13:57:10 2013] [error] [client 127.0.0.1] File does not exist: /Users/richardroque/www/dispatch/static/favicon.ico
[Thu Oct 17 13:57:20 2013] [error] [client 127.0.0.1] File does not exist: /Users/richardroque/www/dispatch/static/favicon.ico
[Thu Oct 17 13:57:38 2013] [error] [client 127.0.0.1] File does not exist: /Users/richardroque/www/dispatch/static/favicon.ico
[Thu Oct 17 13:58:01 2013] [error] [client 127.0.0.1] File does not exist: /Users/richardroque/www/dispatch/static/favicon.ico
[Thu Oct 17 14:00:04 2013] [error] [client 127.0.0.1] File does not exist: /Users/richardroque/www/dispatch/static/favicon.ico
[Thu Oct 17 14:00:33 2013] [error] [client 127.0.0.1] File does not exist: /Users/richardroque/www/dispatch/static/favicon.ico
[Thu Oct 17 14:01:15 2013] [error] [client 127.0.0.1] File does not exist: /Users/richardroque/www/dispatch/static/favicon.ico
[Thu Oct 17 14:01:33 2013] [error] [client 127.0.0.1] File does not exist: /Users/richardroque/www/dispatch/static/favicon.ico
[Thu Oct 17 14:01:42 2013] [error] [client 127.0.0.1] File does not exist: /Users/richardroque/www/dispatch/static/favicon.ico
[Thu Oct 17 14:01:43 2013] [error] [client 127.0.0.1] File does not exist: /Users/richardroque/www/dispatch/static/favicon.ico
[Thu Oct 17 14:02:02 2013] [error] [client 127.0.0.1] File does not exist: /Users/richardroque/www/dispatch/static/favicon.ico
[Thu Oct 17 14:04:42 2013] [error] [client 127.0.0.1] File does not exist: /Users/richardroque/www/dispatch/static/favicon.ico
[Thu Oct 17 14:04:53 2013] [error] [client 127.0.0.1] File does not exist: /Users/richardroque/www/dispatch/static/favicon.ico
[Thu Oct 17 14:05:32 2013] [error] [client 127.0.0.1] File does not exist: /Users/richardroque/www/dispatch/static/favicon.ico
[Thu Oct 17 14:05:53 2013] [error] [client 127.0.0.1] File does not exist: /Users/richardroque/www/dispatch/static/favicon.ico
[Thu Oct 17 14:06:04 2013] [error] [client 127.0.0.1] File does not exist: /Users/richardroque/www/dispatch/static/favicon.ico
[Thu Oct 17 14:06:20 2013] [error] [client 127.0.0.1] File does not exist: /Users/richardroque/www/dispatch/static/favicon.ico
[Thu Oct 17 14:06:33 2013] [error] [client 127.0.0.1] File does not exist: /Users/richardroque/www/dispatch/static/favicon.ico
[Thu Oct 17 14:06:49 2013] [error] [client 127.0.0.1] File does not exist: /Users/richardroque/www/dispatch/static/favicon.ico
[Thu Oct 17 14:07:01 2013] [error] [client 127.0.0.1] File does not exist: /Users/richardroque/www/dispatch/static/favicon.ico
[Thu Oct 17 14:26:21 2013] [error] [client 127.0.0.1] File does not exist: /Users/richardroque/www/dispatch/static/favicon.ico
[Thu Oct 17 14:26:40 2013] [error] [client 127.0.0.1] File does not exist: /Users/richardroque/www/dispatch/static/favicon.ico
[Thu Oct 17 14:27:43 2013] [error] [client 127.0.0.1] File does not exist: /Users/richardroque/www/dispatch/static/favicon.ico
[Thu Oct 17 14:28:01 2013] [error] [client 127.0.0.1] File does not exist: /Users/richardroque/www/dispatch/static/favicon.ico
[Thu Oct 17 14:28:09 2013] [error] [client 127.0.0.1] File does not exist: /Users/richardroque/www/dispatch/static/favicon.ico
[Thu Oct 17 14:28:35 2013] [error] [client 127.0.0.1] File does not exist: /Users/richardroque/www/dispatch/static/favicon.ico
[Thu Oct 17 14:28:47 2013] [error] [client 127.0.0.1] File does not exist: /Users/richardroque/www/dispatch/static/favicon.ico
[Thu Oct 17 15:04:48 2013] [error] [client 127.0.0.1] File does not exist: /Users/richardroque/www/dispatch/static/favicon.ico
[Thu Oct 17 15:04:53 2013] [error] [client 127.0.0.1] File does not exist: /Users/richardroque/www/dispatch/static/favicon.ico
[Thu Oct 17 15:22:23 2013] [error] [client 127.0.0.1] File does not exist: /Users/richardroque/www/dispatch/static/favicon.ico
[Thu Oct 17 15:29:25 2013] [error] [client 127.0.0.1] File does not exist: /Users/richardroque/www/dispatch/static/favicon.ico
[Thu Oct 17 15:30:27 2013] [error] [client 127.0.0.1] File does not exist: /Users/richardroque/www/dispatch/static/favicon.ico
[Thu Oct 17 15:30:50 2013] [error] [client 127.0.0.1] File does not exist: /Users/richardroque/www/dispatch/static/favicon.ico
[Thu Oct 17 15:32:45 2013] [error] [client 127.0.0.1] File does not exist: /Users/richardroque/www/dispatch/static/favicon.ico
[Thu Oct 17 15:35:18 2013] [error] [client 127.0.0.1] File does not exist: /Users/richardroque/www/dispatch/static/favicon.ico
[Thu Oct 17 15:35:25 2013] [error] [client 127.0.0.1] File does not exist: /Users/richardroque/www/dispatch/static/favicon.ico
[Thu Oct 17 15:35:59 2013] [error] [client 127.0.0.1] File does not exist: /Users/richardroque/www/dispatch/static/favicon.ico
[Thu Oct 17 15:37:47 2013] [error] [client 127.0.0.1] File does not exist: /Users/richardroque/www/dispatch/static/favicon.ico
[Thu Oct 17 15:41:12 2013] [error] [client 127.0.0.1] File does not exist: /Users/richardroque/www/dispatch/static/favicon.ico
[Thu Oct 17 15:42:03 2013] [error] [client 127.0.0.1] File does not exist: /Users/richardroque/www/dispatch/static/favicon.ico
[Thu Oct 17 15:42:28 2013] [error] [client 127.0.0.1] File does not exist: /Users/richardroque/www/dispatch/static/favicon.ico
[Thu Oct 17 15:43:39 2013] [error] [client 127.0.0.1] File does not exist: /Users/richardroque/www/dispatch/static/favicon.ico
[Thu Oct 17 15:44:31 2013] [error] [client 127.0.0.1] File does not exist: /Users/richardroque/www/dispatch/static/favicon.ico
[Thu Oct 17 15:53:41 2013] [error] [client 127.0.0.1] File does not exist: /Users/richardroque/www/dispatch/static/favicon.ico
[Thu Oct 17 16:04:02 2013] [error] [client 127.0.0.1] File does not exist: /Users/richardroque/www/dispatch/static/favicon.ico
[Thu Oct 17 16:05:45 2013] [error] [client 127.0.0.1] File does not exist: /Users/richardroque/www/dispatch/static/favicon.ico
[Thu Oct 17 16:06:06 2013] [error] [client 127.0.0.1] File does not exist: /Users/richardroque/www/dispatch/static/favicon.ico
[Thu Oct 17 16:09:22 2013] [error] [client 127.0.0.1] File does not exist: /Users/richardroque/www/dispatch/static/favicon.ico
[Thu Oct 17 16:13:45 2013] [error] [client 127.0.0.1] File does not exist: /Users/richardroque/www/dispatch/static/favicon.ico
[Thu Oct 17 16:14:13 2013] [error] [client 127.0.0.1] File does not exist: /Users/richardroque/www/dispatch/static/favicon.ico
[Thu Oct 17 16:27:24 2013] [error] [client 127.0.0.1] File does not exist: /Users/richardroque/www/dispatch/static/favicon.ico
[Thu Oct 17 16:29:10 2013] [error] [client 127.0.0.1] File does not exist: /Users/richardroque/www/dispatch/static/favicon.ico
[Thu Oct 17 16:40:50 2013] [error] [client 127.0.0.1] File does not exist: /Users/richardroque/www/dispatch/static/favicon.ico
[Thu Oct 17 16:41:01 2013] [error] [client 127.0.0.1] File does not exist: /Users/richardroque/www/dispatch/static/favicon.ico
[Thu Oct 17 16:41:08 2013] [error] [client 127.0.0.1] File does not exist: /Users/richardroque/www/dispatch/static/favicon.ico
[Thu Oct 17 16:41:21 2013] [error] [client 127.0.0.1] File does not exist: /Users/richardroque/www/dispatch/static/favicon.ico
[Thu Oct 17 16:41:40 2013] [error] [client 127.0.0.1] File does not exist: /Users/richardroque/www/dispatch/static/favicon.ico
[Thu Oct 17 16:41:46 2013] [error] [client 127.0.0.1] File does not exist: /Users/richardroque/www/dispatch/static/favicon.ico
[Thu Oct 17 16:42:15 2013] [error] [client 127.0.0.1] File does not exist: /Users/richardroque/www/dispatch/static/favicon.ico
[Thu Oct 17 16:42:27 2013] [error] [client 127.0.0.1] File does not exist: /Users/richardroque/www/dispatch/static/favicon.ico
[Thu Oct 17 16:42:45 2013] [error] [client 127.0.0.1] File does not exist: /Users/richardroque/www/dispatch/static/favicon.ico
[Thu Oct 17 16:43:56 2013] [error] [client 127.0.0.1] File does not exist: /Users/richardroque/www/dispatch/static/favicon.ico
[Thu Oct 17 16:45:07 2013] [error] [client 127.0.0.1] File does not exist: /Users/richardroque/www/dispatch/static/favicon.ico
[Thu Oct 17 16:48:01 2013] [error] [client 127.0.0.1] File does not exist: /Users/richardroque/www/dispatch/static/favicon.ico
[Thu Oct 17 16:48:41 2013] [error] [client 127.0.0.1] File does not exist: /Users/richardroque/www/dispatch/static/favicon.ico
[Thu Oct 17 16:49:34 2013] [error] [client 127.0.0.1] File does not exist: /Users/richardroque/www/dispatch/static/favicon.ico
[Thu Oct 17 16:49:53 2013] [error] [client 127.0.0.1] File does not exist: /Users/richardroque/www/dispatch/static/favicon.ico
[Thu Oct 17 16:50:14 2013] [error] [client 127.0.0.1] File does not exist: /Users/richardroque/www/dispatch/static/favicon.ico
[Thu Oct 17 16:50:42 2013] [error] [client 127.0.0.1] File does not exist: /Users/richardroque/www/dispatch/static/favicon.ico
[Thu Oct 17 16:51:32 2013] [error] [client 127.0.0.1] File does not exist: /Users/richardroque/www/dispatch/static/favicon.ico
[Thu Oct 17 16:51:56 2013] [error] [client 127.0.0.1] File does not exist: /Users/richardroque/www/dispatch/static/favicon.ico
[Thu Oct 17 16:53:19 2013] [error] [client 127.0.0.1] File does not exist: /Users/richardroque/www/dispatch/static/favicon.ico
[Thu Oct 17 16:53:27 2013] [error] [client 127.0.0.1] File does not exist: /Users/richardroque/www/dispatch/static/favicon.ico
[Thu Oct 17 16:53:45 2013] [error] [client 127.0.0.1] File does not exist: /Users/richardroque/www/dispatch/static/favicon.ico
[Thu Oct 17 16:53:55 2013] [error] [client 127.0.0.1] File does not exist: /Users/richardroque/www/dispatch/static/favicon.ico
[Thu Oct 17 16:54:01 2013] [error] [client 127.0.0.1] File does not exist: /Users/richardroque/www/dispatch/static/favicon.ico
[Thu Oct 17 16:55:40 2013] [error] [client 127.0.0.1] File does not exist: /Users/richardroque/www/dispatch/static/favicon.ico
[Thu Oct 17 16:55:41 2013] [error] [client 127.0.0.1] File does not exist: /Users/richardroque/www/dispatch/static/favicon.ico
[Thu Oct 17 16:55:42 2013] [error] [client 127.0.0.1] File does not exist: /Users/richardroque/www/dispatch/static/favicon.ico
[Thu Oct 17 16:55:43 2013] [error] [client 127.0.0.1] File does not exist: /Users/richardroque/www/dispatch/static/favicon.ico
[Thu Oct 17 16:56:37 2013] [error] [client 127.0.0.1] File does not exist: /Users/richardroque/www/dispatch/static/favicon.ico
[Thu Oct 17 16:56:37 2013] [error] [client 127.0.0.1] File does not exist: /Users/richardroque/www/dispatch/static/favicon.ico
[Thu Oct 17 16:57:47 2013] [error] [client 127.0.0.1] File does not exist: /Users/richardroque/www/dispatch/static/favicon.ico
[Thu Oct 17 17:01:12 2013] [error] [client 127.0.0.1] File does not exist: /Users/richardroque/www/dispatch/static/favicon.ico
[Thu Oct 17 17:04:31 2013] [error] [client 127.0.0.1] File does not exist: /Users/richardroque/www/dispatch/static/favicon.ico
[Thu Oct 17 17:08:33 2013] [error] [client 127.0.0.1] File does not exist: /Users/richardroque/www/dispatch/static/favicon.ico
[Thu Oct 17 17:09:39 2013] [error] [client 127.0.0.1] File does not exist: /Users/richardroque/www/dispatch/static/favicon.ico
[Thu Oct 17 17:14:17 2013] [error] [client 127.0.0.1] File does not exist: /Users/richardroque/www/dispatch/static/favicon.ico
[Thu Oct 17 17:14:28 2013] [error] [client 127.0.0.1] File does not exist: /Users/richardroque/www/dispatch/static/favicon.ico
[Thu Oct 17 17:14:37 2013] [error] [client 127.0.0.1] File does not exist: /Users/richardroque/www/dispatch/static/favicon.ico
[Thu Oct 17 17:14:38 2013] [error] [client 127.0.0.1] File does not exist: /Users/richardroque/www/dispatch/static/favicon.ico
[Thu Oct 17 17:20:17 2013] [error] [client 127.0.0.1] File does not exist: /Users/richardroque/www/dispatch/static/favicon.ico
[Thu Oct 17 17:22:40 2013] [error] [client 127.0.0.1] File does not exist: /Users/richardroque/www/dispatch/static/favicon.ico
[Thu Oct 17 17:24:53 2013] [error] [client 127.0.0.1] File does not exist: /Users/richardroque/www/dispatch/static/favicon.ico
[Thu Oct 17 17:25:17 2013] [error] [client 127.0.0.1] File does not exist: /Users/richardroque/www/dispatch/static/favicon.ico
[Thu Oct 17 17:25:43 2013] [error] [client 127.0.0.1] File does not exist: /Users/richardroque/www/dispatch/static/favicon.ico
[Thu Oct 17 17:25:52 2013] [error] [client 127.0.0.1] File does not exist: /Users/richardroque/www/dispatch/static/favicon.ico
[Thu Oct 17 17:26:14 2013] [error] [client 127.0.0.1] File does not exist: /Users/richardroque/www/dispatch/static/favicon.ico
[Thu Oct 17 17:26:30 2013] [error] [client 127.0.0.1] File does not exist: /Users/richardroque/www/dispatch/static/favicon.ico
[Thu Oct 17 17:31:10 2013] [error] [client 127.0.0.1] File does not exist: /Users/richardroque/www/dispatch/static/favicon.ico
[Thu Oct 17 17:32:22 2013] [error] [client 127.0.0.1] File does not exist: /Users/richardroque/www/dispatch/static/favicon.ico
[Thu Oct 17 17:33:54 2013] [error] [client 127.0.0.1] File does not exist: /Users/richardroque/www/dispatch/static/favicon.ico
[Thu Oct 17 17:34:44 2013] [error] [client 127.0.0.1] File does not exist: /Users/richardroque/www/dispatch/static/favicon.ico
[Thu Oct 17 17:34:59 2013] [error] [client 127.0.0.1] File does not exist: /Users/richardroque/www/dispatch/static/favicon.ico
[Thu Oct 17 17:36:07 2013] [error] [client 127.0.0.1] File does not exist: /Users/richardroque/www/dispatch/static/favicon.ico
[Thu Oct 17 17:36:17 2013] [error] [client 127.0.0.1] File does not exist: /Users/richardroque/www/dispatch/static/favicon.ico
[Thu Oct 17 17:36:32 2013] [error] [client 127.0.0.1] File does not exist: /Users/richardroque/www/dispatch/static/favicon.ico
[Thu Oct 17 17:36:44 2013] [error] [client 127.0.0.1] File does not exist: /Users/richardroque/www/dispatch/static/favicon.ico
[Thu Oct 17 17:37:10 2013] [error] [client 127.0.0.1] File does not exist: /Users/richardroque/www/dispatch/static/favicon.ico
[Thu Oct 17 17:38:21 2013] [error] [client 127.0.0.1] File does not exist: /Users/richardroque/www/dispatch/static/favicon.ico
[Thu Oct 17 17:38:39 2013] [error] [client 127.0.0.1] File does not exist: /Users/richardroque/www/dispatch/static/favicon.ico
[Thu Oct 17 17:39:16 2013] [error] [client 127.0.0.1] File does not exist: /Users/richardroque/www/dispatch/static/favicon.ico
[Thu Oct 17 17:42:10 2013] [error] [client 127.0.0.1] File does not exist: /Users/richardroque/www/dispatch/static/favicon.ico
[Thu Oct 17 17:44:00 2013] [error] [client 127.0.0.1] File does not exist: /Users/richardroque/www/dispatch/static/favicon.ico
[Thu Oct 17 17:44:56 2013] [error] [client 127.0.0.1] File does not exist: /Users/richardroque/www/dispatch/static/favicon.ico
[Thu Oct 17 17:45:13 2013] [error] [client 127.0.0.1] File does not exist: /Users/richardroque/www/dispatch/static/favicon.ico
[Thu Oct 17 17:46:47 2013] [error] [client 127.0.0.1] File does not exist: /Users/richardroque/www/dispatch/static/favicon.ico
[Thu Oct 17 17:46:48 2013] [error] [client 127.0.0.1] File does not exist: /Users/richardroque/www/dispatch/static/favicon.ico
[Thu Oct 17 17:46:56 2013] [error] [client 127.0.0.1] File does not exist: /Users/richardroque/www/dispatch/static/favicon.ico
[Thu Oct 17 17:50:12 2013] [error] [client 127.0.0.1] File does not exist: /Users/richardroque/www/dispatch/static/favicon.ico
[Thu Oct 17 17:50:41 2013] [error] [client 127.0.0.1] File does not exist: /Users/richardroque/www/dispatch/static/favicon.ico
[Thu Oct 17 17:51:30 2013] [error] [client 127.0.0.1] File does not exist: /Users/richardroque/www/dispatch/static/favicon.ico
[Thu Oct 17 17:51:42 2013] [error] [client 127.0.0.1] File does not exist: /Users/richardroque/www/dispatch/static/favicon.ico
[Thu Oct 17 18:14:27 2013] [error] [client 127.0.0.1] File does not exist: /Users/richardroque/www/dispatch/static/favicon.ico
[Thu Oct 17 19:15:37 2013] [error] [client 127.0.0.1] File does not exist: /Users/richardroque/www/dispatch/static/favicon.ico
[Thu Oct 17 21:41:08 2013] [error] [client 127.0.0.1] File does not exist: /Users/richardroque/www/dispatch/static/favicon.ico
[Thu Oct 17 21:45:28 2013] [error] [client 127.0.0.1] File does not exist: /Users/richardroque/www/dispatch/static/favicon.ico
[Thu Oct 17 21:45:38 2013] [error] [client 127.0.0.1] File does not exist: /Users/richardroque/www/dispatch/static/favicon.ico
[Thu Oct 17 21:45:50 2013] [error] [client 127.0.0.1] File does not exist: /Users/richardroque/www/dispatch/static/favicon.ico
[Thu Oct 17 21:45:51 2013] [error] [client 127.0.0.1] File does not exist: /Users/richardroque/www/dispatch/static/favicon.ico
[Thu Oct 17 21:46:33 2013] [error] [client 127.0.0.1] File does not exist: /Users/richardroque/www/dispatch/static/favicon.ico
[Thu Oct 17 21:46:45 2013] [error] [client 127.0.0.1] File does not exist: /Users/richardroque/www/dispatch/static/favicon.ico
[Thu Oct 17 21:46:52 2013] [error] [client 127.0.0.1] File does not exist: /Users/richardroque/www/dispatch/static/favicon.ico
[Thu Oct 17 21:47:01 2013] [error] [client 127.0.0.1] File does not exist: /Users/richardroque/www/dispatch/static/favicon.ico
[Thu Oct 17 21:50:15 2013] [error] [client 127.0.0.1] File does not exist: /Users/richardroque/www/dispatch/static/favicon.ico
[Thu Oct 17 21:50:16 2013] [error] [client 127.0.0.1] File does not exist: /Users/richardroque/www/dispatch/static/favicon.ico
[Thu Oct 17 21:55:37 2013] [error] [client 127.0.0.1] File does not exist: /Users/richardroque/www/dispatch/static/favicon.ico
[Thu Oct 17 21:57:28 2013] [error] [client 127.0.0.1] File does not exist: /Users/richardroque/www/dispatch/static/favicon.ico
[Thu Oct 17 21:58:18 2013] [error] [client 127.0.0.1] File does not exist: /Users/richardroque/www/dispatch/static/favicon.ico
[Thu Oct 17 21:59:55 2013] [error] [client 127.0.0.1] File does not exist: /Users/richardroque/www/dispatch/static/favicon.ico
[Thu Oct 17 22:01:32 2013] [error] [client 127.0.0.1] File does not exist: /Users/richardroque/www/dispatch/static/favicon.ico
[Thu Oct 17 22:01:47 2013] [error] [client 127.0.0.1] File does not exist: /Users/richardroque/www/dispatch/static/favicon.ico
[Thu Oct 17 22:03:14 2013] [error] [client 127.0.0.1] File does not exist: /Users/richardroque/www/dispatch/static/favicon.ico
[Thu Oct 17 22:06:21 2013] [error] [client 127.0.0.1] File does not exist: /Users/richardroque/www/dispatch/static/favicon.ico
[Thu Oct 17 22:07:48 2013] [error] [client 127.0.0.1] File does not exist: /Users/richardroque/www/dispatch/static/favicon.ico
[Thu Oct 17 22:08:59 2013] [error] [client 127.0.0.1] File does not exist: /Users/richardroque/www/dispatch/static/favicon.ico
[Thu Oct 17 22:10:19 2013] [error] [client 127.0.0.1] File does not exist: /Users/richardroque/www/dispatch/static/favicon.ico
[Thu Oct 17 22:11:10 2013] [error] [client 127.0.0.1] File does not exist: /Users/richardroque/www/dispatch/static/favicon.ico
[Thu Oct 17 22:11:23 2013] [error] [client 127.0.0.1] File does not exist: /Users/richardroque/www/dispatch/static/favicon.ico
[Thu Oct 17 22:11:24 2013] [error] [client 127.0.0.1] File does not exist: /Users/richardroque/www/dispatch/static/favicon.ico
[Thu Oct 17 22:11:30 2013] [error] [client 127.0.0.1] File does not exist: /Users/richardroque/www/dispatch/static/favicon.ico
[Thu Oct 17 22:14:49 2013] [error] [client 127.0.0.1] File does not exist: /Users/richardroque/www/dispatch/static/favicon.ico
[Thu Oct 17 22:14:50 2013] [error] [client 127.0.0.1] File does not exist: /Users/richardroque/www/dispatch/static/favicon.ico
[Thu Oct 17 22:15:55 2013] [error] [client 127.0.0.1] File does not exist: /Users/richardroque/www/dispatch/static/favicon.ico
[Thu Oct 17 22:19:41 2013] [error] [client 127.0.0.1] File does not exist: /Users/richardroque/www/dispatch/static/favicon.ico
[Thu Oct 17 22:19:56 2013] [error] [client 127.0.0.1] File does not exist: /Users/richardroque/www/dispatch/static/favicon.ico
[Thu Oct 17 22:20:06 2013] [error] [client 127.0.0.1] File does not exist: /Users/richardroque/www/dispatch/static/favicon.ico
[Thu Oct 17 22:22:59 2013] [error] [client 127.0.0.1] File does not exist: /Users/richardroque/www/dispatch/static/favicon.ico
[Thu Oct 17 22:28:28 2013] [error] [client 127.0.0.1] File does not exist: /Users/richardroque/www/dispatch/static/favicon.ico
[Thu Oct 17 22:33:18 2013] [error] [client 127.0.0.1] File does not exist: /Users/richardroque/www/dispatch/static/favicon.ico
[Thu Oct 17 22:34:08 2013] [error] [client 127.0.0.1] File does not exist: /Users/richardroque/www/dispatch/static/favicon.ico
[Thu Oct 17 22:37:33 2013] [error] [client 127.0.0.1] File does not exist: /Users/richardroque/www/dispatch/static/favicon.ico
[Thu Oct 17 22:37:45 2013] [error] [client 127.0.0.1] File does not exist: /Users/richardroque/www/dispatch/static/favicon.ico
[Thu Oct 17 22:38:56 2013] [error] [client 127.0.0.1] File does not exist: /Users/richardroque/www/dispatch/static/favicon.ico
[Thu Oct 17 22:39:12 2013] [error] [client 127.0.0.1] File does not exist: /Users/richardroque/www/dispatch/static/favicon.ico
[Thu Oct 17 22:39:22 2013] [error] [client 127.0.0.1] File does not exist: /Users/richardroque/www/dispatch/static/favicon.ico
[Thu Oct 17 22:40:21 2013] [error] [client 127.0.0.1] File does not exist: /Users/richardroque/www/dispatch/static/favicon.ico
[Thu Oct 17 22:41:41 2013] [error] [client 127.0.0.1] File does not exist: /Users/richardroque/www/dispatch/static/favicon.ico
[Thu Oct 17 22:43:02 2013] [error] [client 127.0.0.1] File does not exist: /Users/richardroque/www/dispatch/static/favicon.ico
[Thu Oct 17 22:45:16 2013] [error] [client 127.0.0.1] File does not exist: /Users/richardroque/www/dispatch/static/favicon.ico
[Thu Oct 17 22:48:06 2013] [error] [client 127.0.0.1] File does not exist: /Users/richardroque/www/dispatch/static/favicon.ico
[Thu Oct 17 22:48:28 2013] [error] [client 127.0.0.1] File does not exist: /Users/richardroque/www/dispatch/static/favicon.ico
[Thu Oct 17 22:49:33 2013] [error] [client 127.0.0.1] File does not exist: /Users/richardroque/www/dispatch/static/favicon.ico
[Thu Oct 17 22:57:13 2013] [error] [client 127.0.0.1] File does not exist: /Users/richardroque/www/dispatch/static/favicon.ico
[Thu Oct 17 22:57:26 2013] [error] [client 127.0.0.1] File does not exist: /Users/richardroque/www/dispatch/static/favicon.ico
[Thu Oct 17 22:58:44 2013] [error] [client 127.0.0.1] File does not exist: /Users/richardroque/www/dispatch/static/favicon.ico
[Thu Oct 17 22:59:21 2013] [error] [client 127.0.0.1] File does not exist: /Users/richardroque/www/dispatch/static/favicon.ico
[Thu Oct 17 22:59:33 2013] [error] [client 127.0.0.1] File does not exist: /Users/richardroque/www/dispatch/static/favicon.ico
[Thu Oct 17 23:00:14 2013] [error] [client 127.0.0.1] File does not exist: /Users/richardroque/www/dispatch/static/favicon.ico
[Thu Oct 17 23:01:07 2013] [error] [client 127.0.0.1] File does not exist: /Users/richardroque/www/dispatch/static/favicon.ico
[Thu Oct 17 23:03:41 2013] [error] [client 127.0.0.1] File does not exist: /Users/richardroque/www/dispatch/static/favicon.ico
[Thu Oct 17 23:04:30 2013] [error] [client 127.0.0.1] File does not exist: /Users/richardroque/www/dispatch/static/favicon.ico
[Thu Oct 17 23:04:46 2013] [error] [client 127.0.0.1] File does not exist: /Users/richardroque/www/dispatch/static/favicon.ico
[Thu Oct 17 23:09:50 2013] [error] [client 127.0.0.1] File does not exist: /Users/richardroque/www/dispatch/static/favicon.ico
[Thu Oct 17 23:14:45 2013] [error] [client 127.0.0.1] File does not exist: /Users/richardroque/www/dispatch/static/favicon.ico
[Fri Oct 18 15:27:34 2013] [error] [client 127.0.0.1] File does not exist: /Users/richardroque/www/dispatch/static/favicon.ico
